../Core/Src/main.c:390:5:ProcessDataLQ	12	static
../Core/Src/main.c:131:6:SystemClock_Config	72	static,ignoring_inline_asm
../Core/Src/main.c:75:5:main	8	static
../Core/Src/main.c:268:5:ProcessDataLQ1	0	static
../Core/Src/main.c:180:6:ScanDataLQ1	32	static
../Core/Src/main.c:302:5:ProcessDataLQ2	0	static
../Core/Src/main.c:224:6:ScanDataLQ2	32	static
../Core/Src/main.c:336:6:ScanDataLQ	32	static
../Core/Src/main.c:424:6:HAL_UART_RxCpltCallback	16	static
../Core/Src/main.c:445:6:HAL_TIM_PeriodElapsedCallback	8	static
../Core/Src/main.c:479:6:Error_Handler	0	static,ignoring_inline_asm
