../Core/Src/main.c:75:5:main	8	static
../Core/Src/main.c:131:6:SystemClock_Config	72	static
../Core/Src/main.c:180:6:ScanDataLQ1	16	static
../Core/Src/main.c:224:6:ScanDataLQ2	16	static
../Core/Src/main.c:268:5:ProcessDataLQ1	16	static
../Core/Src/main.c:302:5:ProcessDataLQ2	16	static
../Core/Src/main.c:336:6:ScanDataLQ	48	static
../Core/Src/main.c:390:5:ProcessDataLQ	32	static
../Core/Src/main.c:424:6:HAL_UART_RxCpltCallback	24	static
../Core/Src/main.c:445:6:HAL_TIM_PeriodElapsedCallback	16	static
../Core/Src/main.c:479:6:Error_Handler	4	static,ignoring_inline_asm
